// Jest Snapshot v1, https://goo.gl/fbAQLP

exports[`Error snapshot 1`] = `
<div>
  <div
    class="Error"
  >
    Error page
  </div>
</div>
`;
